../Core/Src/main.c:83:5:__io_putchar	16	static
../Core/Src/main.c:98:6:HAL_CAN_RxFifo0MsgPendingCallback	56	static
../Core/Src/main.c:115:13:Traiter_Trame_Commande	56	static
../Core/Src/main.c:128:13:Envoyer_Trame_Ack	40	static
../Core/Src/main.c:159:13:Configurer_Filtre_CAN	48	static
../Core/Src/main.c:187:5:main	8	static
../Core/Src/main.c:254:6:SystemClock_Config	96	static
../Core/Src/main.c:304:13:MX_CAN1_Init	8	static
../Core/Src/main.c:341:13:MX_USART2_UART_Init	8	static
../Core/Src/main.c:376:13:MX_GPIO_Init	48	static
../Core/Src/main.c:418:6:Error_Handler	4	static,ignoring_inline_asm
